#-----------------------------------------------------------
# Vivado v2025.2 (64-bit)
# SW Build 6299465 on Fri Nov 14 19:35:11 GMT 2025
# IP Build 6300035 on Fri Nov 14 10:48:45 MST 2025
# SharedData Build 6298862 on Thu Nov 13 04:50:51 MST 2025
# Start of session at: Wed Jan 21 17:44:02 2026
# Process ID         : 20628
# Current directory  : C:/Users/ignac/Downloads/project_1/project_1.runs/impl_1
# Command line       : vivado.exe -log top_debug_system.vdi -applog -product Vivado -messageDb vivado.pb -mode batch -source top_debug_system.tcl -notrace
# Log file           : C:/Users/ignac/Downloads/project_1/project_1.runs/impl_1/top_debug_system.vdi
# Journal file       : C:/Users/ignac/Downloads/project_1/project_1.runs/impl_1\vivado.jou
# Running On         : DESKTOP-0UNMQ8B
# Platform           : Windows Server 2016 or Windows 10
# Operating System   : 26200
# Processor Detail   : AMD Ryzen 5 7520U with Radeon Graphics         
# CPU Frequency      : 2795 MHz
# CPU Physical cores : 4
# CPU Logical cores  : 8
# Host memory        : 14752 MB
# Swap memory        : 4563 MB
# Total Virtual      : 19316 MB
# Available Virtual  : 2208 MB
#-----------------------------------------------------------
source top_debug_system.tcl -notrace
